Microchip MPLAB XC8 Compiler V2.05 ()

Linker command line:

-W-3 --edf=C:\Program Files\Microchip\xc8\v2.05\pic\dat\en_msgs.txt -cs \
  -h+dist/default/production\Analog_UART_Test.X.production.sym \
  --cmf=dist/default/production\Analog_UART_Test.X.production.cmf -z \
  -Q16F883 -oC:\Users\TOP\AppData\Local\Temp\s2b4.3 \
  --defsym=__MPLAB_BUILD=1 \
  -Mdist/default/production/Analog_UART_Test.X.production.map -E1 -ver=XC8 \
  --acfsm=1493 -ASTACK=0120h-016Fh -pstack=STACK -ACODE=00h-07FFhx2 \
  -ASTRCODE=00h-0FFFh -ASTRING=00h-0FFhx16 -ACONST=00h-0FFhx16 \
  -AENTRY=00h-0FFhx16 -ACOMMON=070h-07Fh -ABANK0=020h-06Fh \
  -ABANK1=0A0h-0EFh -ABANK2=0120h-016Fh \
  -ARAM=020h-06Fh,0A0h-0EFh,0120h-016Fh \
  -AABS1=020h-07Fh,0A0h-0EFh,0120h-016Fh -ASFR0=00h-01Fh -ASFR1=080h-09Fh \
  -ASFR2=0100h-011Fh -ASFR3=0180h-01EFh \
  -preset_vec=00h,intentry,init,end_init -ppowerup=CODE -pcinit=CODE \
  -pfunctab=ENTRY -ACONFIG=02007h-02008h -pconfig=CONFIG -DCONFIG=2 \
  -AIDLOC=02000h-02003h -pidloc=IDLOC -DIDLOC=2 -AEEDATA=00h-0FFh/02100h \
  -peeprom_data=EEDATA -DEEDATA=2 -DCODE=2 -DSTRCODE=2 -DSTRING=2 -DCONST=2 \
  -DENTRY=2 -k C:\Users\TOP\AppData\Local\Temp\s2b4.o \
  dist/default/production\Analog_UART_Test.X.production.o 

Object code version is 3.11

Machine type is 16F883



                Name                               Link     Load   Length Selector   Space Scale
C:\Users\TOP\AppData\Local\Temp\s2b4.o
                end_init                              0        0        2        0       0
                config                             2007     2007        2     400E       0
dist/default/production\Analog_UART_Test.X.production.o
                cinit                               7F7      7F7        9      FEE       0
                functab                               2        2        8        4       0
                text25                              9B2      9B2       39     1364       0
                text24                              8FB      8FB        C     11F6       0
                text23                              913      913       11     1226       0
                text22                              8DA      8DA        4     11B4       0
                text21                              924      924       15     1248       0
                text20                              907      907        C     120E       0
                text19                              C1E      C1E      1A3     183C       0
                text18                              B8B      B8B       93     1716       0
                text17                               18       18       23       30       0
                text16                              1A0      1A0      303      340       0
                text15                              8F2      8F2        9     11E4       0
                text14                              DC1      DC1      23F     1B82       0
                text13                              970      970       21     12E0       0
                text12                              A97      A97       6D     152E       0
                text11                               3B       3B       A3       76       0
                text10                              A39      A39       5E     1472       0
                text9                               9EB      9EB       4E     13D6       0
                text8                               991      991       21     1322       0
                text7                                 A        A        E       14       0
                text6                               8E2      8E2        8     11C4       0
                text5                               8DE      8DE        4     11BC       0
                text4                               4A3      4A3      354      946       0
                text3                               950      950       20     12A0       0
                text2                                DE       DE       C2      1BC       0
                text1                               939      939       17     1272       0
                maintext                            B04      B04       87     1608       0
                cstackBANK0                          20       20       4F       20       1
                cstackCOMMON                         70       70        E       70       1
                clrtext                             8EA      8EA        8     11D4       0
                bssBANK1                             A0       A0       11       A0       1
                strings                             800      800       59     1000       0

TOTAL           Name                               Link     Load   Length     Space
        CLASS   STACK          

        CLASS   CODE           
                end_init                              0        0        2         0
                cinit                               7F7      7F7        9         0
                text25                              9B2      9B2       39         0
                text24                              8FB      8FB        C         0
                text23                              913      913       11         0
                text22                              8DA      8DA        4         0
                text21                              924      924       15         0
                text20                              907      907        C         0
                text19                              C1E      C1E      1A3         0
                text18                              B8B      B8B       93         0
                text17                               18       18       23         0
                text16                              1A0      1A0      303         0
                text15                              8F2      8F2        9         0
                text14                              DC1      DC1      23F         0
                text13                              970      970       21         0
                text12                              A97      A97       6D         0
                text11                               3B       3B       A3         0
                text10                              A39      A39       5E         0
                text9                               9EB      9EB       4E         0
                text8                               991      991       21         0
                text7                                 A        A        E         0
                text6                               8E2      8E2        8         0
                text5                               8DE      8DE        4         0
                text4                               4A3      4A3      354         0
                text3                               950      950       20         0
                text2                                DE       DE       C2         0
                text1                               939      939       17         0
                maintext                            B04      B04       87         0
                clrtext                             8EA      8EA        8         0

        CLASS   STRCODE        

        CLASS   STRING         
                strings                             800      800       59         0

        CLASS   CONST          

        CLASS   ENTRY          
                functab                               2        2        8         0

        CLASS   COMMON         
                cstackCOMMON                         70       70        E         1

        CLASS   BANK0          
                cstackBANK0                          20       20       4F         1

        CLASS   BANK1          
                bssBANK1                             A0       A0       11         1

        CLASS   BANK2          

        CLASS   RAM            

        CLASS   ABS1           
                abs_s1                               7E       7E        2         1

        CLASS   SFR0           

        CLASS   SFR1           

        CLASS   SFR2           

        CLASS   SFR3           

        CLASS   CONFIG         
                config                             2007     2007        2         0

        CLASS   IDLOC          

        CLASS   EEDATA         

        CLASS   BANK3          



SEGMENTS        Name                           Load    Length   Top    Selector   Space  Class     Delta

                reset_vec                      000000  000002  000002         0       0  CODE        2
                functab                        000002  000008  00000A         4       0  ENTRY       2
                text7                          00000A  00000E  000018        14       0  CODE        2
                cstackBANK0                    000020  00004F  00006F        20       1  BANK0       1
                text17                         000018  000023  00003B        30       0  CODE        2
                cstackCOMMON                   000070  00000E  00007E        70       1  COMMON      1
                text11                         00003B  0000A3  0000DE        76       0  CODE        2
                bssBANK1                       0000A0  000011  0000B1        A0       1  BANK1       1
                text2                          0000DE  0000C2  0001A0       1BC       0  CODE        2
                text16                         0001A0  000303  0004A3       340       0  CODE        2
                text4                          0004A3  000354  0007F7       946       0  CODE        2
                cinit                          0007F7  000009  000800       FEE       0  CODE        2
                strings                        000800  000059  000859      1000       0  STRING      2
                text22                         0008DA  000004  0008DE      11B4       0  CODE        2
                text5                          0008DE  000004  0008E2      11BC       0  CODE        2
                text6                          0008E2  000008  0008EA      11C4       0  CODE        2
                clrtext                        0008EA  000008  0008F2      11D4       0  CODE        2
                text15                         0008F2  000009  0008FB      11E4       0  CODE        2
                text24                         0008FB  00000C  000907      11F6       0  CODE        2
                text20                         000907  00000C  000913      120E       0  CODE        2
                text23                         000913  000011  000924      1226       0  CODE        2
                text21                         000924  000015  000939      1248       0  CODE        2
                text1                          000939  000017  000950      1272       0  CODE        2
                text3                          000950  000020  000970      12A0       0  CODE        2
                text13                         000970  000021  000991      12E0       0  CODE        2
                text8                          000991  000021  0009B2      1322       0  CODE        2
                text25                         0009B2  000039  0009EB      1364       0  CODE        2
                text9                          0009EB  00004E  000A39      13D6       0  CODE        2
                text10                         000A39  00005E  000A97      1472       0  CODE        2
                text12                         000A97  00006D  000B04      152E       0  CODE        2
                maintext                       000B04  000087  000B8B      1608       0  CODE        2
                text18                         000B8B  000093  000C1E      1716       0  CODE        2
                text19                         000C1E  0001A3  000DC1      183C       0  CODE        2
                text14                         000DC1  00023F  001000      1B82       0  CODE        2
                config                         002007  000002  002009      400E       0  CONFIG      2


UNUSED ADDRESS RANGES

        Name                Unused          Largest block    Delta
        BANK0            006F-006F              1           1
        BANK1            00B1-00EF             3F           1
        BANK2            0120-016F             50           1
        CODE             0859-08D9             81           2
        CONST            0859-08D9             81           2
        EEDATA           2100-21FF            100           2
        ENTRY            0859-08D9             81           2
        IDLOC            2000-2003              4           2
        RAM              006F-006F              1           1
                         00B1-00EF             3F
                         0120-016F             50
        SFR0             0000-001F             20           1
        SFR1             0080-009F             20           1
        SFR2             0100-011F             20           1
        SFR3             0180-01EF             70           1
        STACK            0120-016F             50           1
        STRCODE          0859-08D9             81           2
        STRING           0859-08D9             81           2

                                  Symbol Table

?_ADC_GetConversion              cstackCOMMON 0070
?__Umul8_16                      cstackCOMMON 0070
?___fladd                        cstackCOMMON 0070
?___fldiv                        cstackBANK0  003A
?___flmul                        cstackBANK0  0020
?___flneg                        cstackCOMMON 0070
?___flsub                        cstackBANK0  0028
?___fltol                        cstackBANK0  003A
?___lldiv                        cstackCOMMON 0070
?___llmod                        cstackBANK0  0020
?___wmul                         cstackCOMMON 0070
?___xxtofl                       cstackCOMMON 0070
?__doprnt                        cstackBANK0  002A
?_printf                         cstackBANK0  005E
?_sprintf                        cstackBANK0  0040
ADC_GetConversion@channel        cstackCOMMON 0077
EUSART_Write@txData              cstackCOMMON 0070
_ADCON0                          (abs)        001F
_ADCON0bits                      (abs)        001F
_ADCON1                          (abs)        009F
_ADC_GetConversion               text25       09B2
_ADC_Initialize                  text24       08FB
_ADRESH                          (abs)        001E
_ADRESL                          (abs)        009E
_ANSEL                           (abs)        0188
_ANSELH                          (abs)        0189
_BAUDCTL                         (abs)        0187
_EUSART_Initialize               text23       0913
_EUSART_Write                    text6        08E2
_OSCCON                          (abs)        008F
_OSCILLATOR_Initialize           text22       08DA
_PIN_MANAGER_Initialize          text21       0924
_PIR1bits                        (abs)        000C
_PORTA                           (abs)        0005
_PORTB                           (abs)        0006
_PORTC                           (abs)        0007
_PORTE                           (abs)        0009
_RCREG                           (abs)        001A
_RCSTA                           (abs)        0018
_RCSTAbits                       (abs)        0018
_SPBRG                           (abs)        0099
_SPBRGH                          (abs)        009A
_SYSTEM_Initialize               text20       0907
_TRISA                           (abs)        0085
_TRISB                           (abs)        0086
_TRISC                           (abs)        0087
_TRISE                           (abs)        0089
_TXREG                           (abs)        0019
_TXSTA                           (abs)        0098
_TXSTAbits                       (abs)        0098
__CFG_BOR4V$BOR40V               (abs)        0000
__CFG_BOREN$ON                   (abs)        0000
__CFG_CP$OFF                     (abs)        0000
__CFG_CPD$OFF                    (abs)        0000
__CFG_FCMEN$ON                   (abs)        0000
__CFG_FOSC$HS                    (abs)        0000
__CFG_IESO$ON                    (abs)        0000
__CFG_LVP$OFF                    (abs)        0000
__CFG_MCLRE$ON                   (abs)        0000
__CFG_PWRTE$OFF                  (abs)        0000
__CFG_WDTE$ON                    (abs)        0000
__CFG_WRT$OFF                    (abs)        0000
__Habs1                          abs1         0000
__Hbank0                         bank0        0000
__Hbank1                         bank1        0000
__Hbank2                         bank2        0000
__Hbank3                         bank3        0000
__HbssBANK1                      bssBANK1     0000
__Hcinit                         cinit        0800
__Hclrtext                       clrtext      0000
__Hcode                          code         0000
__Hcommon                        common       0000
__Hconfig                        config       2009
__HcstackBANK0                   cstackBANK0  0000
__HcstackCOMMON                  cstackCOMMON 0000
__Heeprom_data                   eeprom_data  0000
__Hend_init                      end_init     0002
__Hfunctab                       functab      000A
__Hidloc                         idloc        0000
__Hinit                          init         0000
__Hintentry                      intentry     0000
__Hmaintext                      maintext     0000
__Hpowerup                       powerup      0000
__Hram                           ram          0000
__Hreset_vec                     reset_vec    0000
__Hsfr0                          sfr0         0000
__Hsfr1                          sfr1         0000
__Hsfr2                          sfr2         0000
__Hsfr3                          sfr3         0000
__Hspace_0                       (abs)        2009
__Hspace_1                       (abs)        00B1
__Hspace_2                       (abs)        0000
__Hspace_3                       (abs)        0000
__Hstack                         stack        0000
__Hstrings                       strings      0000
__Htext                          text         0000
__Labs1                          abs1         0000
__Lbank0                         bank0        0000
__Lbank1                         bank1        0000
__Lbank2                         bank2        0000
__Lbank3                         bank3        0000
__LbssBANK1                      bssBANK1     0000
__Lcinit                         cinit        07F7
__Lclrtext                       clrtext      0000
__Lcode                          code         0000
__Lcommon                        common       0000
__Lconfig                        config       2007
__LcstackBANK0                   cstackBANK0  0000
__LcstackCOMMON                  cstackCOMMON 0000
__Leeprom_data                   eeprom_data  0000
__Lend_init                      end_init     0000
__Lfunctab                       functab      0002
__Lidloc                         idloc        0000
__Linit                          init         0000
__Lintentry                      intentry     0000
__Lmaintext                      maintext     0000
__Lpowerup                       powerup      0000
__Lram                           ram          0000
__Lreset_vec                     reset_vec    0000
__Lsfr0                          sfr0         0000
__Lsfr1                          sfr1         0000
__Lsfr2                          sfr2         0000
__Lsfr3                          sfr3         0000
__Lspace_0                       (abs)        0000
__Lspace_1                       (abs)        0000
__Lspace_2                       (abs)        0000
__Lspace_3                       (abs)        0000
__Lstack                         stack        0000
__Lstrings                       strings      0000
__Ltext                          text         0000
__S0                             (abs)        2009
__S1                             (abs)        00B1
__S2                             (abs)        0000
__S3                             (abs)        0000
__Umul8_16                       text17       0018
__Umul8_16@multiplicand          cstackCOMMON 0070
__Umul8_16@multiplier            cstackCOMMON 0078
__Umul8_16@product               cstackCOMMON 0074
__Umul8_16@word_mpld             cstackCOMMON 0076
___fladd                         text14       0DC1
___fladd@a                       cstackCOMMON 0074
___fladd@aexp                    cstackCOMMON 0079
___fladd@b                       cstackCOMMON 0070
___fladd@bexp                    cstackCOMMON 007A
___fladd@grs                     cstackCOMMON 007B
___fladd@signs                   cstackCOMMON 0078
___fldiv                         text19       0C1E
___fldiv@a                       cstackBANK0  003A
___fldiv@aexp                    cstackBANK0  0053
___fldiv@b                       cstackBANK0  003E
___fldiv@bexp                    cstackBANK0  0052
___fldiv@grs                     cstackBANK0  004E
___fldiv@new_exp                 cstackBANK0  004C
___fldiv@rem                     cstackBANK0  0047
___fldiv@sign                    cstackBANK0  004B
___flge                          text18       0B8B
___flge@ff1                      cstackCOMMON 0070
___flge@ff2                      cstackCOMMON 0074
___flmul                         text16       01A0
___flmul@a                       cstackBANK0  0024
___flmul@aexp                    cstackBANK0  0032
___flmul@b                       cstackBANK0  0020
___flmul@bexp                    cstackBANK0  0033
___flmul@grs                     cstackBANK0  002E
___flmul@prod                    cstackBANK0  0034
___flmul@sign                    cstackBANK0  002D
___flmul@temp                    cstackBANK0  0038
___flneg                         text15       08F2
___flneg@f1                      cstackCOMMON 0070
___flsub                         text13       0970
___flsub@a                       cstackBANK0  0028
___flsub@b                       cstackBANK0  002C
___fltol                         text12       0A97
___fltol@exp1                    cstackBANK0  0044
___fltol@f1                      cstackBANK0  003A
___fltol@sign1                   cstackBANK0  0043
___int_sp                        stack        0000
___latbits                       (abs)        0001
___lldiv                         text10       0A39
___lldiv@counter                 cstackCOMMON 007D
___lldiv@dividend                cstackCOMMON 0074
___lldiv@divisor                 cstackCOMMON 0070
___lldiv@quotient                cstackCOMMON 0079
___llmod                         text9        09EB
___llmod@counter                 cstackBANK0  0029
___llmod@dividend                cstackBANK0  0024
___llmod@divisor                 cstackBANK0  0020
___sp                            stack        0000
___stackhi                       (abs)        0000
___stacklo                       (abs)        0000
___wmul                          text8        0991
___wmul@multiplicand             cstackCOMMON 0072
___wmul@multiplier               cstackCOMMON 0070
___wmul@product                  cstackCOMMON 0074
___xxtofl                        text11       003B
___xxtofl@arg                    cstackCOMMON 007A
___xxtofl@exp                    cstackCOMMON 0079
___xxtofl@sign                   cstackCOMMON 0078
___xxtofl@val                    cstackCOMMON 0070
__doprnt                         text4        04A3
__doprnt@ap                      cstackBANK0  002C
__doprnt@c                       cstackBANK0  003E
__doprnt@cp                      cstackBANK0  0032
__doprnt@f                       cstackBANK0  002A
__doprnt@flag                    cstackBANK0  0039
__doprnt@len                     cstackBANK0  0033
__doprnt@pb                      cstackBANK0  003F
__doprnt@prec                    cstackBANK0  003C
__doprnt@val                     cstackBANK0  0035
__doprnt@width                   cstackBANK0  003A
__end_of_ADC_GetConversion       text25       09EB
__end_of_ADC_Initialize          text24       0907
__end_of_EUSART_Initialize       text23       0924
__end_of_EUSART_Write            text6        08EA
__end_of_OSCILLATOR_Initialize   text22       08DE
__end_of_PIN_MANAGER_Initialize  text21       0939
__end_of_SYSTEM_Initialize       text20       0913
__end_of__Umul8_16               text17       003B
__end_of___fladd                 text14       1000
__end_of___fldiv                 text19       0DC1
__end_of___flge                  text18       0C1E
__end_of___flmul                 text16       04A3
__end_of___flneg                 text15       08FB
__end_of___flsub                 text13       0991
__end_of___fltol                 text12       0B04
__end_of___lldiv                 text10       0A97
__end_of___llmod                 text9        0A39
__end_of___wmul                  text8        09B2
__end_of___xxtofl                text11       00DE
__end_of__doprnt                 text4        07F7
__end_of__fptable                functab      000A
__end_of__initialization         cinit        07FD
__end_of__stringtab              strings      0810
__end_of_dpowers                 strings      0838
__end_of_ftoa1                   text2        01A0
__end_of_isdigit                 text7        0018
__end_of_main                    maintext     0B8B
__end_of_printf                  text1        0950
__end_of_putch                   text5        08E2
__end_of_sprintf                 text3        0970
__fptable                        functab      0002
__initialization                 cinit        07F7
__pbssBANK1                      bssBANK1     00A0
__pcstackBANK0                   cstackBANK0  0020
__pcstackCOMMON                  cstackCOMMON 0070
__pfunctab                       functab      0002
__pmaintext                      maintext     0B04
__pstrings                       strings      0800
__ptext1                         text1        0939
__ptext10                        text10       0A39
__ptext11                        text11       003B
__ptext12                        text12       0A97
__ptext13                        text13       0970
__ptext14                        text14       0DC1
__ptext15                        text15       08F2
__ptext16                        text16       01A0
__ptext17                        text17       0018
__ptext18                        text18       0B8B
__ptext19                        text19       0C1E
__ptext2                         text2        00DE
__ptext20                        text20       0907
__ptext21                        text21       0924
__ptext22                        text22       08DA
__ptext23                        text23       0913
__ptext24                        text24       08FB
__ptext25                        text25       09B2
__ptext3                         text3        0950
__ptext4                         text4        04A3
__ptext5                         text5        08DE
__ptext6                         text6        08E2
__ptext7                         text7        000A
__ptext8                         text8        0991
__ptext9                         text9        09EB
__size_of_ADC_GetConversion      (abs)        0000
__size_of_ADC_Initialize         (abs)        0000
__size_of_EUSART_Initialize      (abs)        0000
__size_of_EUSART_Write           (abs)        0000
__size_of_OSCILLATOR_Initialize  (abs)        0000
__size_of_PIN_MANAGER_Initialize (abs)        0000
__size_of_SYSTEM_Initialize      (abs)        0000
__size_of__Umul8_16              (abs)        0000
__size_of___fladd                (abs)        0000
__size_of___fldiv                (abs)        0000
__size_of___flge                 (abs)        0000
__size_of___flmul                (abs)        0000
__size_of___flneg                (abs)        0000
__size_of___flsub                (abs)        0000
__size_of___fltol                (abs)        0000
__size_of___lldiv                (abs)        0000
__size_of___llmod                (abs)        0000
__size_of___wmul                 (abs)        0000
__size_of___xxtofl               (abs)        0000
__size_of__doprnt                (abs)        0000
__size_of__fptable               (abs)        0000
__size_of_ftoa1                  (abs)        0000
__size_of_isdigit                (abs)        0000
__size_of_main                   (abs)        0000
__size_of_printf                 (abs)        0000
__size_of_putch                  (abs)        0000
__size_of_sprintf                (abs)        0000
__stringbase                     strings      080F
__stringtab                      strings      0800
_dpowers                         strings      0810
_ftoa1                           text2        00DE
_isdigit                         text7        000A
_isdigit$804                     cstackCOMMON 0070
_main                            maintext     0B04
_printf                          text1        0939
_putch                           text5        08DE
_sprintf                         text3        0950
btemp                            (abs)        007E
clear_ram0                       clrtext      08EA
end_of_initialization            cinit        07FD
fpbase                           functab      0007
fptable                          functab      0002
fptotal                          (abs)        0002
ftoa1@buf                        bssBANK1     00A0
ftoa1@cp                         cstackBANK0  005D
ftoa1@f                          cstackBANK0  004E
ftoa1@l                          cstackBANK0  0059
ftoa1@rem                        cstackBANK0  0055
ftoa1@status                     cstackBANK0  0052
intlevel0                        functab      0002
intlevel1                        functab      0002
intlevel2                        functab      0002
intlevel3                        functab      0002
intlevel4                        functab      0002
intlevel5                        functab      0002
isdigit@c                        cstackCOMMON 0071
main@adc                         cstackBANK0  006D
main@volt                        cstackBANK0  0069
printf@ap                        cstackBANK0  0063
printf@f                         cstackBANK0  005E
printf@pb                        cstackBANK0  0064
putch@txData                     cstackCOMMON 0071
reset_vec                        reset_vec    0000
sprintf@ap                       cstackBANK0  004B
sprintf@f                        cstackBANK0  0040
sprintf@pb                       cstackBANK0  004C
sprintf@wh                       cstackBANK0  004A
start                            init         0000
start_initialization             cinit        07F7
wtemp0                           (abs)        007E


FUNCTION INFORMATION:

 *************** function _main *****************
 Defined at:
		line 16 in file "main.c"
 Parameters:    Size  Location     Type
		None
 Auto vars:     Size  Location     Type
  volt            4   73[BANK0 ] float 
  adc             2   77[BANK0 ] unsigned int 
 Return value:  Size  Location     Type
                  1    wreg      void 
 Registers used:
		wreg, fsr0l, fsr0h, status,2, status,0, btemp+1, pclath, cstack
 Tracked objects:
		On entry : 
		On exit  : 
		Unchanged: 
 Data sizes:     COMMON   BANK0   BANK1   BANK2
      Params:         0       0       0       0
      Locals:         0       6       0       0
      Temps:          0       3       0       0
      Totals:         0       9       0       0
Total ram usage:        9 bytes
 Hardware stack levels required when called:    5
 This function calls:
		_ADC_GetConversion
		_SYSTEM_Initialize
		___fldiv
		___flmul
		___xxtofl
		_ftoa1
		_printf
 This function is called by:
		Startup code after reset
 This function uses a non-reentrant model


 *************** function _printf *****************
 Defined at:
		line 13 in file "C:\Program Files\Microchip\xc8\v2.05\pic\sources\c90\common\printf.c"
 Parameters:    Size  Location     Type
  f               2   62[BANK0 ] PTR const unsigned char 
		 -> ftoa1@buf(17), STR_2(15), STR_1(7), 
 Auto vars:     Size  Location     Type
  pb              2   68[BANK0 ] struct __prbuf
  ap              1   67[BANK0 ] PTR void [1]
		 -> ?_sprintf(2), ?_printf(2), 
 Return value:  Size  Location     Type
                  2   62[BANK0 ] int 
 Registers used:
		wreg, fsr0l, fsr0h, status,2, status,0, btemp+1, pclath, cstack
 Tracked objects:
		On entry : 
		On exit  : 
		Unchanged: 
 Data sizes:     COMMON   BANK0   BANK1   BANK2
      Params:         0       4       0       0
      Locals:         0       3       0       0
      Temps:          0       1       0       0
      Totals:         0       8       0       0
Total ram usage:        8 bytes
 Hardware stack levels used:    1
 Hardware stack levels required when called:    3
 This function calls:
		__doprnt
 This function is called by:
		_main
 This function uses a non-reentrant model


 *************** function _ftoa1 *****************
 Defined at:
		line 33 in file "main.c"
 Parameters:    Size  Location     Type
  f               4   46[BANK0 ] float 
  status          2   50[BANK0 ] PTR int 
		 -> RAM(512), 
 Auto vars:     Size  Location     Type
  l               4   57[BANK0 ] unsigned long 
  rem             4   53[BANK0 ] unsigned long 
  cp              1   61[BANK0 ] PTR unsigned char 
		 -> ftoa1@buf(17), 
 Return value:  Size  Location     Type
                  1    wreg      PTR unsigned char 
 Registers used:
		wreg, fsr0l, fsr0h, status,2, status,0, btemp+1, pclath, cstack
 Tracked objects:
		On entry : 
		On exit  : 
		Unchanged: 
 Data sizes:     COMMON   BANK0   BANK1   BANK2
      Params:         0       6       0       0
      Locals:         0       9       0       0
      Temps:          0       1       0       0
      Totals:         0      16       0       0
Total ram usage:       16 bytes
 Hardware stack levels used:    1
 Hardware stack levels required when called:    4
 This function calls:
		___flge
		___flmul
		___flneg
		___flsub
		___fltol
		___xxtofl
		_sprintf
 This function is called by:
		_main
 This function uses a non-reentrant model


 *************** function _sprintf *****************
 Defined at:
		line 13 in file "C:\Program Files\Microchip\xc8\v2.05\pic\sources\c90\common\sprintf.c"
 Parameters:    Size  Location     Type
  wh              1    wreg     PTR unsigned char 
		 -> ftoa1@buf(17), 
  f               1   32[BANK0 ] PTR const unsigned char 
		 -> STR_3(11), 
 Auto vars:     Size  Location     Type
  wh              1   42[BANK0 ] PTR unsigned char 
		 -> ftoa1@buf(17), 
  pb              2   44[BANK0 ] struct __prbuf
  ap              1   43[BANK0 ] PTR void [1]
		 -> ?_sprintf(2), ?_printf(2), 
 Return value:  Size  Location     Type
                  2   32[BANK0 ] int 
 Registers used:
		wreg, fsr0l, fsr0h, status,2, status,0, btemp+1, pclath, cstack
 Tracked objects:
		On entry : 
		On exit  : 
		Unchanged: 
 Data sizes:     COMMON   BANK0   BANK1   BANK2
      Params:         0       9       0       0
      Locals:         0       4       0       0
      Temps:          0       1       0       0
      Totals:         0      14       0       0
Total ram usage:       14 bytes
 Hardware stack levels used:    1
 Hardware stack levels required when called:    3
 This function calls:
		__doprnt
 This function is called by:
		_ftoa1
 This function uses a non-reentrant model


 *************** function __doprnt *****************
 Defined at:
		line 466 in file "C:\Program Files\Microchip\xc8\v2.05\pic\sources\c90\common\doprnt.c"
 Parameters:    Size  Location     Type
  pb              1    wreg     PTR struct __prbuf
		 -> sprintf@pb(2), printf@pb(2), 
  f               2   10[BANK0 ] PTR const unsigned char 
		 -> STR_3(11), ftoa1@buf(17), STR_2(15), STR_1(7), 
  ap              1   12[BANK0 ] PTR PTR void 
		 -> sprintf@ap(1), printf@ap(1), 
 Auto vars:     Size  Location     Type
  pb              1   31[BANK0 ] PTR struct __prbuf
		 -> sprintf@pb(2), printf@pb(2), 
  val             4   21[BANK0 ] unsigned long 
  tmpval          4    0        struct .
  prec            2   28[BANK0 ] int 
  width           2   26[BANK0 ] int 
  len             2   19[BANK0 ] unsigned int 
  c               1   30[BANK0 ] unsigned char 
  flag            1   25[BANK0 ] unsigned char 
  cp              1   18[BANK0 ] PTR const unsigned char 
		 -> _doprnt@c(1), 
 Return value:  Size  Location     Type
                  2   10[BANK0 ] int 
 Registers used:
		wreg, fsr0l, fsr0h, status,2, status,0, btemp+1, pclath, cstack
 Tracked objects:
		On entry : 
		On exit  : 
		Unchanged: 
 Data sizes:     COMMON   BANK0   BANK1   BANK2
      Params:         0       3       0       0
      Locals:         0      14       0       0
      Temps:          0       5       0       0
      Totals:         0      22       0       0
Total ram usage:       22 bytes
 Hardware stack levels used:    1
 Hardware stack levels required when called:    2
 This function calls:
		Absolute function
		___lldiv
		___llmod
		___wmul
		_isdigit
		_putch
 This function is called by:
		_printf
		_sprintf
 This function uses a non-reentrant model


 *************** function _putch *****************
 Defined at:
		line 124 in file "eusart.c"
 Parameters:    Size  Location     Type
  txData          1    1[COMMON] unsigned char 
 Auto vars:     Size  Location     Type
		None
 Return value:  Size  Location     Type
                  1    wreg      void 
 Registers used:
		wreg, status,2, status,0, pclath, cstack
 Tracked objects:
		On entry : 
		On exit  : 
		Unchanged: 
 Data sizes:     COMMON   BANK0   BANK1   BANK2
      Params:         1       0       0       0
      Locals:         0       0       0       0
      Temps:          0       0       0       0
      Totals:         1       0       0       0
Total ram usage:        1 bytes
 Hardware stack levels used:    1
 Hardware stack levels required when called:    1
 This function calls:
		_EUSART_Write
 This function is called by:
		_printf
		__doprnt
 This function uses a non-reentrant model


 *************** function _EUSART_Write *****************
 Defined at:
		line 110 in file "eusart.c"
 Parameters:    Size  Location     Type
  txData          1    wreg     unsigned char 
 Auto vars:     Size  Location     Type
  txData          1    0[COMMON] unsigned char 
 Return value:  Size  Location     Type
                  1    wreg      void 
 Registers used:
		wreg
 Tracked objects:
		On entry : 
		On exit  : 
		Unchanged: 
 Data sizes:     COMMON   BANK0   BANK1   BANK2
      Params:         0       0       0       0
      Locals:         1       0       0       0
      Temps:          0       0       0       0
      Totals:         1       0       0       0
Total ram usage:        1 bytes
 Hardware stack levels used:    1
 This function calls:
		Nothing
 This function is called by:
		_putch
 This function uses a non-reentrant model


 *************** function _isdigit *****************
 Defined at:
		line 8 in file "C:\Program Files\Microchip\xc8\v2.05\pic\sources\c90\common\isdigit.c"
 Parameters:    Size  Location     Type
  c               1    wreg     unsigned char 
 Auto vars:     Size  Location     Type
  c               1    1[COMMON] unsigned char 
 Return value:  Size  Location     Type
		None               void
 Registers used:
		wreg, status,2, status,0
 Tracked objects:
		On entry : 
		On exit  : 
		Unchanged: 
 Data sizes:     COMMON   BANK0   BANK1   BANK2
      Params:         0       0       0       0
      Locals:         2       0       0       0
      Temps:          0       0       0       0
      Totals:         2       0       0       0
Total ram usage:        2 bytes
 Hardware stack levels used:    1
 This function calls:
		Nothing
 This function is called by:
		__doprnt
 This function uses a non-reentrant model


 *************** function ___wmul *****************
 Defined at:
		line 15 in file "C:\Program Files\Microchip\xc8\v2.05\pic\sources\c90\common\Umul16.c"
 Parameters:    Size  Location     Type
  multiplier      2    0[COMMON] unsigned int 
  multiplicand    2    2[COMMON] unsigned int 
 Auto vars:     Size  Location     Type
  product         2    4[COMMON] unsigned int 
 Return value:  Size  Location     Type
                  2    0[COMMON] unsigned int 
 Registers used:
		wreg, status,2, status,0
 Tracked objects:
		On entry : 
		On exit  : 
		Unchanged: 
 Data sizes:     COMMON   BANK0   BANK1   BANK2
      Params:         4       0       0       0
      Locals:         2       0       0       0
      Temps:          0       0       0       0
      Totals:         6       0       0       0
Total ram usage:        6 bytes
 Hardware stack levels used:    1
 This function calls:
		Nothing
 This function is called by:
		__doprnt
 This function uses a non-reentrant model


 *************** function ___llmod *****************
 Defined at:
		line 5 in file "C:\Program Files\Microchip\xc8\v2.05\pic\sources\c90\common\llmod.c"
 Parameters:    Size  Location     Type
  divisor         4    0[BANK0 ] unsigned long 
  dividend        4    4[BANK0 ] unsigned long 
 Auto vars:     Size  Location     Type
  counter         1    9[BANK0 ] unsigned char 
 Return value:  Size  Location     Type
                  4    0[BANK0 ] unsigned long 
 Registers used:
		wreg, status,2, status,0
 Tracked objects:
		On entry : 
		On exit  : 
		Unchanged: 
 Data sizes:     COMMON   BANK0   BANK1   BANK2
      Params:         0       8       0       0
      Locals:         0       1       0       0
      Temps:          0       1       0       0
      Totals:         0      10       0       0
Total ram usage:       10 bytes
 Hardware stack levels used:    1
 This function calls:
		Nothing
 This function is called by:
		__doprnt
 This function uses a non-reentrant model


 *************** function ___lldiv *****************
 Defined at:
		line 5 in file "C:\Program Files\Microchip\xc8\v2.05\pic\sources\c90\common\__lldiv.c"
 Parameters:    Size  Location     Type
  divisor         4    0[COMMON] unsigned long 
  dividend        4    4[COMMON] unsigned long 
 Auto vars:     Size  Location     Type
  quotient        4    9[COMMON] unsigned long 
  counter         1   13[COMMON] unsigned char 
 Return value:  Size  Location     Type
                  4    0[COMMON] unsigned long 
 Registers used:
		wreg, status,2, status,0
 Tracked objects:
		On entry : 
		On exit  : 
		Unchanged: 
 Data sizes:     COMMON   BANK0   BANK1   BANK2
      Params:         8       0       0       0
      Locals:         5       0       0       0
      Temps:          1       0       0       0
      Totals:        14       0       0       0
Total ram usage:       14 bytes
 Hardware stack levels used:    1
 This function calls:
		Nothing
 This function is called by:
		__doprnt
 This function uses a non-reentrant model


 *************** function ___xxtofl *****************
 Defined at:
		line 10 in file "C:\Program Files\Microchip\xc8\v2.05\pic\sources\c90\common\xxtofl.c"
 Parameters:    Size  Location     Type
  sign            1    wreg     unsigned char 
  val             4    0[COMMON] long 
 Auto vars:     Size  Location     Type
  sign            1    8[COMMON] unsigned char 
  arg             4   10[COMMON] unsigned long 
  exp             1    9[COMMON] unsigned char 
 Return value:  Size  Location     Type
                  4    0[COMMON] unsigned char 
 Registers used:
		wreg, status,2, status,0
 Tracked objects:
		On entry : 
		On exit  : 
		Unchanged: 
 Data sizes:     COMMON   BANK0   BANK1   BANK2
      Params:         4       0       0       0
      Locals:         6       0       0       0
      Temps:          4       0       0       0
      Totals:        14       0       0       0
Total ram usage:       14 bytes
 Hardware stack levels used:    1
 This function calls:
		Nothing
 This function is called by:
		_main
		_ftoa1
 This function uses a non-reentrant model


 *************** function ___fltol *****************
 Defined at:
		line 43 in file "C:\Program Files\Microchip\xc8\v2.05\pic\sources\c90\common\fltol.c"
 Parameters:    Size  Location     Type
  f1              4   26[BANK0 ] unsigned char 
 Auto vars:     Size  Location     Type
  exp1            1   36[BANK0 ] unsigned char 
  sign1           1   35[BANK0 ] unsigned char 
 Return value:  Size  Location     Type
                  4   26[BANK0 ] long 
 Registers used:
		wreg, status,2, status,0
 Tracked objects:
		On entry : 
		On exit  : 
		Unchanged: 
 Data sizes:     COMMON   BANK0   BANK1   BANK2
      Params:         0       4       0       0
      Locals:         0       2       0       0
      Temps:          0       5       0       0
      Totals:         0      11       0       0
Total ram usage:       11 bytes
 Hardware stack levels used:    1
 This function calls:
		Nothing
 This function is called by:
		_ftoa1
 This function uses a non-reentrant model


 *************** function ___flsub *****************
 Defined at:
		line 242 in file "C:\Program Files\Microchip\xc8\v2.05\pic\sources\c90\common\sprcadd.c"
 Parameters:    Size  Location     Type
  a               4    8[BANK0 ] long 
  b               4   12[BANK0 ] long 
 Auto vars:     Size  Location     Type
		None
 Return value:  Size  Location     Type
                  4    8[BANK0 ] long 
 Registers used:
		wreg, status,2, status,0, btemp+1, pclath, cstack
 Tracked objects:
		On entry : 
		On exit  : 
		Unchanged: 
 Data sizes:     COMMON   BANK0   BANK1   BANK2
      Params:         0       8       0       0
      Locals:         0       0       0       0
      Temps:          0       0       0       0
      Totals:         0       8       0       0
Total ram usage:        8 bytes
 Hardware stack levels used:    1
 Hardware stack levels required when called:    1
 This function calls:
		___fladd
 This function is called by:
		_ftoa1
 This function uses a non-reentrant model


 *************** function ___fladd *****************
 Defined at:
		line 10 in file "C:\Program Files\Microchip\xc8\v2.05\pic\sources\c90\common\sprcadd.c"
 Parameters:    Size  Location     Type
  b               4    0[COMMON] long 
  a               4    4[COMMON] long 
 Auto vars:     Size  Location     Type
  grs             1   11[COMMON] unsigned char 
  bexp            1   10[COMMON] unsigned char 
  aexp            1    9[COMMON] unsigned char 
  signs           1    8[COMMON] unsigned char 
 Return value:  Size  Location     Type
                  4    0[COMMON] unsigned char 
 Registers used:
		wreg, status,2, status,0, btemp+1
 Tracked objects:
		On entry : 
		On exit  : 
		Unchanged: 
 Data sizes:     COMMON   BANK0   BANK1   BANK2
      Params:         8       0       0       0
      Locals:         4       0       0       0
      Temps:          0       8       0       0
      Totals:        12       8       0       0
Total ram usage:       20 bytes
 Hardware stack levels used:    1
 This function calls:
		Nothing
 This function is called by:
		___flsub
 This function uses a non-reentrant model


 *************** function ___flneg *****************
 Defined at:
		line 15 in file "C:\Program Files\Microchip\xc8\v2.05\pic\sources\c90\common\flneg.c"
 Parameters:    Size  Location     Type
  f1              4    0[COMMON] unsigned char 
 Auto vars:     Size  Location     Type
		None
 Return value:  Size  Location     Type
                  4    0[COMMON] unsigned char 
 Registers used:
		wreg
 Tracked objects:
		On entry : 
		On exit  : 
		Unchanged: 
 Data sizes:     COMMON   BANK0   BANK1   BANK2
      Params:         4       0       0       0
      Locals:         0       0       0       0
      Temps:          0       0       0       0
      Totals:         4       0       0       0
Total ram usage:        4 bytes
 Hardware stack levels used:    1
 This function calls:
		Nothing
 This function is called by:
		_ftoa1
 This function uses a non-reentrant model


 *************** function ___flmul *****************
 Defined at:
		line 8 in file "C:\Program Files\Microchip\xc8\v2.05\pic\sources\c90\common\sprcmul.c"
 Parameters:    Size  Location     Type
  b               4    0[BANK0 ] unsigned char 
  a               4    4[BANK0 ] unsigned char 
 Auto vars:     Size  Location     Type
  prod            4   20[BANK0 ] struct .
  grs             4   14[BANK0 ] unsigned long 
  temp            2   24[BANK0 ] struct .
  bexp            1   19[BANK0 ] unsigned char 
  aexp            1   18[BANK0 ] unsigned char 
  sign            1   13[BANK0 ] unsigned char 
 Return value:  Size  Location     Type
                  4    0[BANK0 ] unsigned char 
 Registers used:
		wreg, status,2, status,0, btemp+1, pclath, cstack
 Tracked objects:
		On entry : 
		On exit  : 
		Unchanged: 
 Data sizes:     COMMON   BANK0   BANK1   BANK2
      Params:         0       8       0       0
      Locals:         0      13       0       0
      Temps:          0       5       0       0
      Totals:         0      26       0       0
Total ram usage:       26 bytes
 Hardware stack levels used:    1
 Hardware stack levels required when called:    1
 This function calls:
		__Umul8_16
 This function is called by:
		_main
		_ftoa1
 This function uses a non-reentrant model


 *************** function __Umul8_16 *****************
 Defined at:
		line 4 in file "C:\Program Files\Microchip\xc8\v2.05\pic\sources\c90\common\Umul8_16.c"
 Parameters:    Size  Location     Type
  multiplier      1    wreg     unsigned char 
  multiplicand    1    0[COMMON] unsigned char 
 Auto vars:     Size  Location     Type
  multiplier      1    8[COMMON] unsigned char 
  word_mpld       2    6[COMMON] unsigned int 
  product         2    4[COMMON] unsigned int 
 Return value:  Size  Location     Type
                  2    0[COMMON] unsigned int 
 Registers used:
		wreg, status,2, status,0
 Tracked objects:
		On entry : 
		On exit  : 
		Unchanged: 
 Data sizes:     COMMON   BANK0   BANK1   BANK2
      Params:         2       0       0       0
      Locals:         5       0       0       0
      Temps:          2       0       0       0
      Totals:         9       0       0       0
Total ram usage:        9 bytes
 Hardware stack levels used:    1
 This function calls:
		Nothing
 This function is called by:
		___flmul
 This function uses a non-reentrant model


 *************** function ___flge *****************
 Defined at:
		line 4 in file "C:\Program Files\Microchip\xc8\v2.05\pic\sources\c90\common\flge.c"
 Parameters:    Size  Location     Type
  ff1             4    0[COMMON] unsigned int 
  ff2             4    4[COMMON] unsigned int 
 Auto vars:     Size  Location     Type
		None
 Return value:  Size  Location     Type
		None               void
 Registers used:
		wreg, status,2, status,0
 Tracked objects:
		On entry : 
		On exit  : 
		Unchanged: 
 Data sizes:     COMMON   BANK0   BANK1   BANK2
      Params:         8       0       0       0
      Locals:         0       0       0       0
      Temps:          4       0       0       0
      Totals:        12       0       0       0
Total ram usage:       12 bytes
 Hardware stack levels used:    1
 This function calls:
		Nothing
 This function is called by:
		_ftoa1
 This function uses a non-reentrant model


 *************** function ___fldiv *****************
 Defined at:
		line 8 in file "C:\Program Files\Microchip\xc8\v2.05\pic\sources\c90\common\sprcdiv.c"
 Parameters:    Size  Location     Type
  a               4   26[BANK0 ] unsigned int 
  b               4   30[BANK0 ] unsigned int 
 Auto vars:     Size  Location     Type
  grs             4   46[BANK0 ] unsigned long 
  rem             4   39[BANK0 ] unsigned long 
  new_exp         2   44[BANK0 ] int 
  aexp            1   51[BANK0 ] unsigned char 
  bexp            1   50[BANK0 ] unsigned char 
  sign            1   43[BANK0 ] unsigned char 
 Return value:  Size  Location     Type
                  4   26[BANK0 ] unsigned char 
 Registers used:
		wreg, status,2, status,0, btemp+1
 Tracked objects:
		On entry : 
		On exit  : 
		Unchanged: 
 Data sizes:     COMMON   BANK0   BANK1   BANK2
      Params:         0       8       0       0
      Locals:         0      13       0       0
      Temps:          0       5       0       0
      Totals:         0      26       0       0
Total ram usage:       26 bytes
 Hardware stack levels used:    1
 This function calls:
		Nothing
 This function is called by:
		_main
 This function uses a non-reentrant model


 *************** function _SYSTEM_Initialize *****************
 Defined at:
		line 28 in file "config.c"
 Parameters:    Size  Location     Type
		None
 Auto vars:     Size  Location     Type
		None
 Return value:  Size  Location     Type
                  1    wreg      void 
 Registers used:
		wreg, status,2, status,0, pclath, cstack
 Tracked objects:
		On entry : 
		On exit  : 
		Unchanged: 
 Data sizes:     COMMON   BANK0   BANK1   BANK2
      Params:         0       0       0       0
      Locals:         0       0       0       0
      Temps:          0       0       0       0
      Totals:         0       0       0       0
Total ram usage:        0 bytes
 Hardware stack levels used:    1
 Hardware stack levels required when called:    1
 This function calls:
		_ADC_Initialize
		_EUSART_Initialize
		_OSCILLATOR_Initialize
		_PIN_MANAGER_Initialize
 This function is called by:
		_main
 This function uses a non-reentrant model


 *************** function _PIN_MANAGER_Initialize *****************
 Defined at:
		line 7 in file "pin_manager.c"
 Parameters:    Size  Location     Type
		None
 Auto vars:     Size  Location     Type
		None
 Return value:  Size  Location     Type
                  1    wreg      void 
 Registers used:
		wreg, status,2
 Tracked objects:
		On entry : 
		On exit  : 
		Unchanged: 
 Data sizes:     COMMON   BANK0   BANK1   BANK2
      Params:         0       0       0       0
      Locals:         0       0       0       0
      Temps:          0       0       0       0
      Totals:         0       0       0       0
Total ram usage:        0 bytes
 Hardware stack levels used:    1
 This function calls:
		Nothing
 This function is called by:
		_SYSTEM_Initialize
 This function uses a non-reentrant model


 *************** function _OSCILLATOR_Initialize *****************
 Defined at:
		line 36 in file "config.c"
 Parameters:    Size  Location     Type
		None
 Auto vars:     Size  Location     Type
		None
 Return value:  Size  Location     Type
                  1    wreg      void 
 Registers used:
		status,2
 Tracked objects:
		On entry : 
		On exit  : 
		Unchanged: 
 Data sizes:     COMMON   BANK0   BANK1   BANK2
      Params:         0       0       0       0
      Locals:         0       0       0       0
      Temps:          0       0       0       0
      Totals:         0       0       0       0
Total ram usage:        0 bytes
 Hardware stack levels used:    1
 This function calls:
		Nothing
 This function is called by:
		_SYSTEM_Initialize
 This function uses a non-reentrant model


 *************** function _EUSART_Initialize *****************
 Defined at:
		line 55 in file "eusart.c"
 Parameters:    Size  Location     Type
		None
 Auto vars:     Size  Location     Type
		None
 Return value:  Size  Location     Type
                  1    wreg      void 
 Registers used:
		wreg
 Tracked objects:
		On entry : 
		On exit  : 
		Unchanged: 
 Data sizes:     COMMON   BANK0   BANK1   BANK2
      Params:         0       0       0       0
      Locals:         0       0       0       0
      Temps:          0       0       0       0
      Totals:         0       0       0       0
Total ram usage:        0 bytes
 Hardware stack levels used:    1
 This function calls:
		Nothing
 This function is called by:
		_SYSTEM_Initialize
 This function uses a non-reentrant model


 *************** function _ADC_Initialize *****************
 Defined at:
		line 8 in file "adc.c"
 Parameters:    Size  Location     Type
		None
 Auto vars:     Size  Location     Type
		None
 Return value:  Size  Location     Type
                  1    wreg      void 
 Registers used:
		wreg, status,2
 Tracked objects:
		On entry : 
		On exit  : 
		Unchanged: 
 Data sizes:     COMMON   BANK0   BANK1   BANK2
      Params:         0       0       0       0
      Locals:         0       0       0       0
      Temps:          0       0       0       0
      Totals:         0       0       0       0
Total ram usage:        0 bytes
 Hardware stack levels used:    1
 This function calls:
		Nothing
 This function is called by:
		_SYSTEM_Initialize
 This function uses a non-reentrant model


 *************** function _ADC_GetConversion *****************
 Defined at:
		line 53 in file "adc.c"
 Parameters:    Size  Location     Type
  channel         1    wreg     enum E1305
 Auto vars:     Size  Location     Type
  channel         1    7[COMMON] enum E1305
 Return value:  Size  Location     Type
                  2    0[COMMON] unsigned int 
 Registers used:
		wreg, status,2, status,0
 Tracked objects:
		On entry : 
		On exit  : 
		Unchanged: 
 Data sizes:     COMMON   BANK0   BANK1   BANK2
      Params:         2       0       0       0
      Locals:         1       0       0       0
      Temps:          5       0       0       0
      Totals:         8       0       0       0
Total ram usage:        8 bytes
 Hardware stack levels used:    1
 This function calls:
		Nothing
 This function is called by:
		_main
 This function uses a non-reentrant model



MODULE INFORMATION

Module		Function		Class		Link	Load	Size
C:\Program Files\Microchip\xc8\v2.05\pic\sources\c90\common\sprcmul.c
		___flmul       		CODE           	01A0	0000	772

C:\Program Files\Microchip\xc8\v2.05\pic\sources\c90\common\sprcmul.c estimated size: 772

C:\Program Files\Microchip\xc8\v2.05\pic\sources\c90\common\__lldiv.c
		___lldiv       		CODE           	0A39	0000	95

C:\Program Files\Microchip\xc8\v2.05\pic\sources\c90\common\__lldiv.c estimated size: 95

C:\Program Files\Microchip\xc8\v2.05\pic\sources\c90\common\sprcdiv.c
		___fldiv       		CODE           	0C1E	0000	420

C:\Program Files\Microchip\xc8\v2.05\pic\sources\c90\common\sprcdiv.c estimated size: 420

eusart.c
		_putch         		CODE           	08DE	0000	5
		_EUSART_Write  		CODE           	08E2	0000	9
		_EUSART_Initialize		CODE           	0913	0000	18

eusart.c estimated size: 32

C:\Program Files\Microchip\xc8\v2.05\pic\sources\c90\common\isdigit.c
		_isdigit       		CODE           	000A	0000	15

C:\Program Files\Microchip\xc8\v2.05\pic\sources\c90\common\isdigit.c estimated size: 15

C:\Program Files\Microchip\xc8\v2.05\pic\sources\c90\common\flge.c
		___flge        		CODE           	0B8B	0000	148

C:\Program Files\Microchip\xc8\v2.05\pic\sources\c90\common\flge.c estimated size: 148

C:\Program Files\Microchip\xc8\v2.05\pic\sources\c90\common\llmod.c
		___llmod       		CODE           	09EB	0000	79

C:\Program Files\Microchip\xc8\v2.05\pic\sources\c90\common\llmod.c estimated size: 79

C:\Program Files\Microchip\xc8\v2.05\pic\sources\c90\common\printf.c
		_printf        		CODE           	0939	0000	24

C:\Program Files\Microchip\xc8\v2.05\pic\sources\c90\common\printf.c estimated size: 24

adc.c
		_ADC_Initialize		CODE           	08FB	0000	13
		_ADC_GetConversion		CODE           	09B2	0000	58

adc.c estimated size: 71

C:\Program Files\Microchip\xc8\v2.05\pic\sources\c90\common\sprcadd.c
		___flsub       		CODE           	0970	0000	34
		___fladd       		CODE           	0DC1	0000	576

C:\Program Files\Microchip\xc8\v2.05\pic\sources\c90\common\sprcadd.c estimated size: 610

config.c
		_OSCILLATOR_Initialize		CODE           	08DA	0000	5
		_SYSTEM_Initialize		CODE           	0907	0000	13

config.c estimated size: 18

C:\Program Files\Microchip\xc8\v2.05\pic\sources\c90\common\xxtofl.c
		___xxtofl      		CODE           	003B	0000	164

C:\Program Files\Microchip\xc8\v2.05\pic\sources\c90\common\xxtofl.c estimated size: 164

C:\Program Files\Microchip\xc8\v2.05\pic\sources\c90\common\fltol.c
		___fltol       		CODE           	0A97	0000	110

C:\Program Files\Microchip\xc8\v2.05\pic\sources\c90\common\fltol.c estimated size: 110

shared
		__stringtab    		STRING         	0800	0000	17
		_dpowers       		STRING         	0810	0000	41
		__initialization		CODE           	07F7	0000	7
		__fptable      		ENTRY          	0002	0000	9

shared estimated size: 74

C:\Program Files\Microchip\xc8\v2.05\pic\sources\c90\common\sprintf.c
		_sprintf       		CODE           	0950	0000	33

C:\Program Files\Microchip\xc8\v2.05\pic\sources\c90\common\sprintf.c estimated size: 33

C:\Program Files\Microchip\xc8\v2.05\pic\sources\c90\common\doprnt.c
		__doprnt       		CODE           	04A3	0000	853

C:\Program Files\Microchip\xc8\v2.05\pic\sources\c90\common\doprnt.c estimated size: 853

pin_manager.c
		_PIN_MANAGER_Initialize		CODE           	0924	0000	22

pin_manager.c estimated size: 22

main.c
		_ftoa1         		CODE           	00DE	0000	195
		_main          		CODE           	0B04	0000	136

main.c estimated size: 331

C:\Program Files\Microchip\xc8\v2.05\pic\sources\c90\common\Umul8_16.c
		__Umul8_16     		CODE           	0018	0000	36

C:\Program Files\Microchip\xc8\v2.05\pic\sources\c90\common\Umul8_16.c estimated size: 36

C:\Program Files\Microchip\xc8\v2.05\pic\sources\c90\common\Umul16.c
		___wmul        		CODE           	0991	0000	34

C:\Program Files\Microchip\xc8\v2.05\pic\sources\c90\common\Umul16.c estimated size: 34

C:\Program Files\Microchip\xc8\v2.05\pic\sources\c90\common\flneg.c
		___flneg       		CODE           	08F2	0000	10

C:\Program Files\Microchip\xc8\v2.05\pic\sources\c90\common\flneg.c estimated size: 10

